// Jest Snapshot v1, https://goo.gl/fbAQLP

exports[`renders App 1`] = `
<div>
  <h1
    class="header"
  >
    Personal Body Mass Index
  </h1>
</div>
`;
